bv_n30 NO_REGRESSION 0.397783455648875
cat_n35 NO_REGRESSION 0.0
knn_n31 NO_REGRESSION 0.3312917203979219
ising_n34 NO_REGRESSION 0.0
wstate_n36 NO_REGRESSION 0.0
swap_test_n41 NO_REGRESSION 0.3026777899260469
knn_n41 NO_REGRESSION 0.3026777899260469
cat_n65 NO_REGRESSION 0.0
ghz_n40 NO_REGRESSION 0.0
adder_n28 NO_REGRESSION 0.04410304124384375
bv_n70 NO_REGRESSION 0.37403555534525
ising_n66 NO_REGRESSION 0.0
ising_n42 NO_REGRESSION 0.0
dnn_n33 UNRESOLVED None
ghz_n127 NO_REGRESSION 0.0
wstate_n76 NO_REGRESSION 0.0
ghz_n78 NO_REGRESSION 0.0
knn_n67 NO_REGRESSION 0.16700388335692187
wstate_n118 NO_REGRESSION 0.0
qugan_n39 REGRESSION 0.30526808126326566
cat_n130 NO_REGRESSION 0.0
dnn_n51 UNRESOLVED None
swap_test_n83 NO_REGRESSION 0.15665750973304687
adder_n64 NO_REGRESSION 0.09714294840201562
qft_n29 NO_REGRESSION 0.030424452201921876
swap_test_n115 NO_REGRESSION 0.18273555225920313
bv_n280 NO_REGRESSION 0.1731471037538594
qugan_n71 UNRESOLVED None
cc_n32 NO_REGRESSION 0.003740893006328125
knn_129 NO_REGRESSION 0.09344796861195312
adder_n118 NO_REGRESSION 0.12674253006284375
qugan_n111 NO_REGRESSION 0.33071133441815626
qft_n63 NO_REGRESSION 0.16444171901339064
32 NO_REGRESSION 0.0
knn_341 NO_REGRESSION 0.04675646627498437
cc_n64 NO_REGRESSION 0.07648524373723438
swap_test_n361 NO_REGRESSION 0.025908309616046874
multiplier_n45 NO_REGRESSION 0.028724114619140626
ising_n420 NO_REGRESSION 0.0
{'resolved': 36, 'unresolved': 3, 'boundary': 13, 'eligible': 26, 'excludes_zero': 12, 'ge5': 7, 'ge10': 4}
