{
  "selection_rule_difference": [],
  "selection": [
    {
      "old": false,
      "n": [
        39,
        13
      ],
      "medians": [
        0.11146700832799487,
        0.12603215993046502
      ],
      "p": 0.45599118428802987
    },
    {
      "old": true,
      "n": [
        40,
        12
      ],
      "medians": [
        0.11260554207868938,
        0.12343472887103651
      ],
      "p": 0.7676024133946834
    }
  ],
  "fits": {
    "additive": 23,
    "multiplicative": 3,
    "tie": 13
  },
  "issue": [
    {
      "circuit": "bv_n140",
      "n": [
        12,
        12
      ],
      "theta_pct": 35.206518685023894
    },
    {
      "circuit": "bv_n280",
      "n": [
        12,
        12
      ],
      "theta_pct": 44.53320019970046
    },
    {
      "circuit": "knn_341",
      "n": [
        12,
        12
      ],
      "theta_pct": 43.42597107102226
    }
  ],
  "k_sweep": {
    "1": 34.57937500000001,
    "3": 24.383935840997616,
    "5": 18.56490942328806,
    "8": 12.945474579894912,
    "10": 10.357691071664197,
    "20": 3.741473676562272
  },
  "band_quantiles": {
    "mult": [
      10.86859520037109,
      14.821059448870244,
      25.134088718900216
    ],
    "add": [
      10.679474881094109,
      14.60321004361731,
      23.879073197015543
    ],
    "floor": [
      10.865824146158332,
      14.809393042174435,
      25.13886045124991
    ],
    "addfloor": [
      10.733140584022749,
      14.697195006966979,
      23.822353308190714
    ]
  },
  "band_true_median": 10.852119248419287,
  "counterexamples": {
    "near_stable": 0.0,
    "far_unstable": 0.216,
    "missing_tail_probability": 0.13397967485796172,
    "population_risk": 0.970299
  }
}
